  Determining projects to restore...
  All projects are up-to-date for restore.
  SriGuide.Domain -> C:\Sources\SriGuide\Sri-Guide\sri-guide-backend\SriGuide.Domain\bin\Debug\net9.0\SriGuide.Domain.dll
C:\Sources\SriGuide\Sri-Guide\sri-guide-backend\SriGuide.Application\Agencies\Queries\GetAgencyBookingsQuery.cs(31,25): warning CS8602: Dereference of a possibly null reference. [C:\Sources\SriGuide\Sri-Guide\sri-guide-backend\SriGuide.Application\SriGuide.Application.csproj]
C:\Sources\SriGuide\Sri-Guide\sri-guide-backend\SriGuide.Application\Profiles\Queries\GetUserProfileQuery.cs(49,17): warning CS8604: Possible null reference argument for parameter 'Specialties' in 'GuideProfileDto.GuideProfileDto(string? Bio, List<string> Languages, decimal? DailyRate, decimal? HourlyRate, VerificationStatus VerificationStatus, bool ContactForPrice, Guid? AgencyId, string? AgencyName, List<string> Specialties, List<string> OperatingAreas, string? PhoneNumber, string? WhatsAppNumber, string? YouTubeLink, string? TikTokLink, string? FacebookLink, string? InstagramLink, string? TwitterLink, string? LinkedinLink, string? RegistrationNumber = null, string? LicenseExpirationDate = null)'. [C:\Sources\SriGuide\Sri-Guide\sri-guide-backend\SriGuide.Application\SriGuide.Application.csproj]
C:\Sources\SriGuide\Sri-Guide\sri-guide-backend\SriGuide.Application\Profiles\Queries\GetUserProfileQuery.cs(50,17): warning CS8604: Possible null reference argument for parameter 'OperatingAreas' in 'GuideProfileDto.GuideProfileDto(string? Bio, List<string> Languages, decimal? DailyRate, decimal? HourlyRate, VerificationStatus VerificationStatus, bool ContactForPrice, Guid? AgencyId, string? AgencyName, List<string> Specialties, List<string> OperatingAreas, string? PhoneNumber, string? WhatsAppNumber, string? YouTubeLink, string? TikTokLink, string? FacebookLink, string? InstagramLink, string? TwitterLink, string? LinkedinLink, string? RegistrationNumber = null, string? LicenseExpirationDate = null)'. [C:\Sources\SriGuide\Sri-Guide\sri-guide-backend\SriGuide.Application\SriGuide.Application.csproj]
C:\Sources\SriGuide\Sri-Guide\sri-guide-backend\SriGuide.Application\Profiles\Commands\RequestVerificationCommand.cs(8,47): warning CS8907: Parameter 'UserId' is unread. Did you forget to use it to initialize the property with that name? [C:\Sources\SriGuide\Sri-Guide\sri-guide-backend\SriGuide.Application\SriGuide.Application.csproj]
C:\Sources\SriGuide\Sri-Guide\sri-guide-backend\SriGuide.Application\Profiles\Queries\GetTouristDashboardQuery.cs(73,35): warning CS8602: Dereference of a possibly null reference. [C:\Sources\SriGuide\Sri-Guide\sri-guide-backend\SriGuide.Application\SriGuide.Application.csproj]
C:\Sources\SriGuide\Sri-Guide\sri-guide-backend\SriGuide.Application\Trips\Commands\CreateTourCommandHandler.cs(32,24): warning CS8601: Possible null reference assignment. [C:\Sources\SriGuide\Sri-Guide\sri-guide-backend\SriGuide.Application\SriGuide.Application.csproj]
C:\Sources\SriGuide\Sri-Guide\sri-guide-backend\SriGuide.Application\Reviews\Queries\GetGuideReviewsQuery.cs(49,36): error CS0246: The type or namespace name 'Review' could not be found (are you missing a using directive or an assembly reference?) [C:\Sources\SriGuide\Sri-Guide\sri-guide-backend\SriGuide.Application\SriGuide.Application.csproj]
C:\Sources\SriGuide\Sri-Guide\sri-guide-backend\SriGuide.Application\Reviews\Queries\GetGuideReviewsQuery.cs(56,43): warning CS8602: Dereference of a possibly null reference. [C:\Sources\SriGuide\Sri-Guide\sri-guide-backend\SriGuide.Application\SriGuide.Application.csproj]
C:\Sources\SriGuide\Sri-Guide\sri-guide-backend\SriGuide.Application\Reviews\Queries\GetGuideReviewsQuery.cs(61,43): warning CS8602: Dereference of a possibly null reference. [C:\Sources\SriGuide\Sri-Guide\sri-guide-backend\SriGuide.Application\SriGuide.Application.csproj]
C:\Sources\SriGuide\Sri-Guide\sri-guide-backend\SriGuide.Application\Agencies\Queries\GetAvailableGuidesQuery.cs(40,17): warning CS8602: Dereference of a possibly null reference. [C:\Sources\SriGuide\Sri-Guide\sri-guide-backend\SriGuide.Application\SriGuide.Application.csproj]
C:\Sources\SriGuide\Sri-Guide\sri-guide-backend\SriGuide.Application\Agencies\Queries\GetAvailableGuidesQuery.cs(49,17): warning CS8602: Dereference of a possibly null reference. [C:\Sources\SriGuide\Sri-Guide\sri-guide-backend\SriGuide.Application\SriGuide.Application.csproj]
C:\Sources\SriGuide\Sri-Guide\sri-guide-backend\SriGuide.Application\Trips\Queries\GetTourDetailQuery.cs(57,35): warning CS8602: Dereference of a possibly null reference. [C:\Sources\SriGuide\Sri-Guide\sri-guide-backend\SriGuide.Application\SriGuide.Application.csproj]
C:\Sources\SriGuide\Sri-Guide\sri-guide-backend\SriGuide.Application\Trips\Queries\GetTourDetailQuery.cs(91,13): warning CS8604: Possible null reference argument for parameter 'Category' in 'TourDetailDto.TourDetailDto(Guid Id, string Title, string? Slug, string Description, string Location, string Category, string Duration, string? MapLink, decimal Price, string? MainImageUrl, Guid AgencyId, string AgencyName, string? AgencyImageUrl, string? AgencySlug, double AgencyRating, int AgencyReviewsCount, bool IsLiked, int LikeCount, double Rating, int ReviewsCount, List<string> Images, List<TourItineraryStepDto> Itinerary, List<TourDayDto> DayDescriptions, bool IsActive = true)'. [C:\Sources\SriGuide\Sri-Guide\sri-guide-backend\SriGuide.Application\SriGuide.Application.csproj]
C:\Sources\SriGuide\Sri-Guide\sri-guide-backend\SriGuide.Application\Trips\Queries\GetTourDetailQuery.cs(92,13): warning CS8604: Possible null reference argument for parameter 'Duration' in 'TourDetailDto.TourDetailDto(Guid Id, string Title, string? Slug, string Description, string Location, string Category, string Duration, string? MapLink, decimal Price, string? MainImageUrl, Guid AgencyId, string AgencyName, string? AgencyImageUrl, string? AgencySlug, double AgencyRating, int AgencyReviewsCount, bool IsLiked, int LikeCount, double Rating, int ReviewsCount, List<string> Images, List<TourItineraryStepDto> Itinerary, List<TourDayDto> DayDescriptions, bool IsActive = true)'. [C:\Sources\SriGuide\Sri-Guide\sri-guide-backend\SriGuide.Application\SriGuide.Application.csproj]
C:\Sources\SriGuide\Sri-Guide\sri-guide-backend\SriGuide.Application\Trips\Queries\GetTripDetailQuery.cs(75,35): warning CS8602: Dereference of a possibly null reference. [C:\Sources\SriGuide\Sri-Guide\sri-guide-backend\SriGuide.Application\SriGuide.Application.csproj]
C:\Sources\SriGuide\Sri-Guide\sri-guide-backend\SriGuide.Application\Discovery\Queries\GetDiscoveryQuery.cs(172,29): warning CS8602: Dereference of a possibly null reference. [C:\Sources\SriGuide\Sri-Guide\sri-guide-backend\SriGuide.Application\SriGuide.Application.csproj]
C:\Sources\SriGuide\Sri-Guide\sri-guide-backend\SriGuide.Application\Discovery\Queries\GetDiscoveryQuery.cs(201,21): warning CS8602: Dereference of a possibly null reference. [C:\Sources\SriGuide\Sri-Guide\sri-guide-backend\SriGuide.Application\SriGuide.Application.csproj]
C:\Sources\SriGuide\Sri-Guide\sri-guide-backend\SriGuide.Application\Discovery\Queries\GetDiscoveryQuery.cs(233,29): warning CS8602: Dereference of a possibly null reference. [C:\Sources\SriGuide\Sri-Guide\sri-guide-backend\SriGuide.Application\SriGuide.Application.csproj]
C:\Sources\SriGuide\Sri-Guide\sri-guide-backend\SriGuide.Application\Discovery\Queries\GetDiscoveryQuery.cs(255,21): warning CS8602: Dereference of a possibly null reference. [C:\Sources\SriGuide\Sri-Guide\sri-guide-backend\SriGuide.Application\SriGuide.Application.csproj]

Build FAILED.

C:\Sources\SriGuide\Sri-Guide\sri-guide-backend\SriGuide.Application\Agencies\Queries\GetAgencyBookingsQuery.cs(31,25): warning CS8602: Dereference of a possibly null reference. [C:\Sources\SriGuide\Sri-Guide\sri-guide-backend\SriGuide.Application\SriGuide.Application.csproj]
C:\Sources\SriGuide\Sri-Guide\sri-guide-backend\SriGuide.Application\Profiles\Queries\GetUserProfileQuery.cs(49,17): warning CS8604: Possible null reference argument for parameter 'Specialties' in 'GuideProfileDto.GuideProfileDto(string? Bio, List<string> Languages, decimal? DailyRate, decimal? HourlyRate, VerificationStatus VerificationStatus, bool ContactForPrice, Guid? AgencyId, string? AgencyName, List<string> Specialties, List<string> OperatingAreas, string? PhoneNumber, string? WhatsAppNumber, string? YouTubeLink, string? TikTokLink, string? FacebookLink, string? InstagramLink, string? TwitterLink, string? LinkedinLink, string? RegistrationNumber = null, string? LicenseExpirationDate = null)'. [C:\Sources\SriGuide\Sri-Guide\sri-guide-backend\SriGuide.Application\SriGuide.Application.csproj]
C:\Sources\SriGuide\Sri-Guide\sri-guide-backend\SriGuide.Application\Profiles\Queries\GetUserProfileQuery.cs(50,17): warning CS8604: Possible null reference argument for parameter 'OperatingAreas' in 'GuideProfileDto.GuideProfileDto(string? Bio, List<string> Languages, decimal? DailyRate, decimal? HourlyRate, VerificationStatus VerificationStatus, bool ContactForPrice, Guid? AgencyId, string? AgencyName, List<string> Specialties, List<string> OperatingAreas, string? PhoneNumber, string? WhatsAppNumber, string? YouTubeLink, string? TikTokLink, string? FacebookLink, string? InstagramLink, string? TwitterLink, string? LinkedinLink, string? RegistrationNumber = null, string? LicenseExpirationDate = null)'. [C:\Sources\SriGuide\Sri-Guide\sri-guide-backend\SriGuide.Application\SriGuide.Application.csproj]
C:\Sources\SriGuide\Sri-Guide\sri-guide-backend\SriGuide.Application\Profiles\Commands\RequestVerificationCommand.cs(8,47): warning CS8907: Parameter 'UserId' is unread. Did you forget to use it to initialize the property with that name? [C:\Sources\SriGuide\Sri-Guide\sri-guide-backend\SriGuide.Application\SriGuide.Application.csproj]
C:\Sources\SriGuide\Sri-Guide\sri-guide-backend\SriGuide.Application\Profiles\Queries\GetTouristDashboardQuery.cs(73,35): warning CS8602: Dereference of a possibly null reference. [C:\Sources\SriGuide\Sri-Guide\sri-guide-backend\SriGuide.Application\SriGuide.Application.csproj]
C:\Sources\SriGuide\Sri-Guide\sri-guide-backend\SriGuide.Application\Trips\Commands\CreateTourCommandHandler.cs(32,24): warning CS8601: Possible null reference assignment. [C:\Sources\SriGuide\Sri-Guide\sri-guide-backend\SriGuide.Application\SriGuide.Application.csproj]
C:\Sources\SriGuide\Sri-Guide\sri-guide-backend\SriGuide.Application\Reviews\Queries\GetGuideReviewsQuery.cs(56,43): warning CS8602: Dereference of a possibly null reference. [C:\Sources\SriGuide\Sri-Guide\sri-guide-backend\SriGuide.Application\SriGuide.Application.csproj]
C:\Sources\SriGuide\Sri-Guide\sri-guide-backend\SriGuide.Application\Reviews\Queries\GetGuideReviewsQuery.cs(61,43): warning CS8602: Dereference of a possibly null reference. [C:\Sources\SriGuide\Sri-Guide\sri-guide-backend\SriGuide.Application\SriGuide.Application.csproj]
C:\Sources\SriGuide\Sri-Guide\sri-guide-backend\SriGuide.Application\Agencies\Queries\GetAvailableGuidesQuery.cs(40,17): warning CS8602: Dereference of a possibly null reference. [C:\Sources\SriGuide\Sri-Guide\sri-guide-backend\SriGuide.Application\SriGuide.Application.csproj]
C:\Sources\SriGuide\Sri-Guide\sri-guide-backend\SriGuide.Application\Agencies\Queries\GetAvailableGuidesQuery.cs(49,17): warning CS8602: Dereference of a possibly null reference. [C:\Sources\SriGuide\Sri-Guide\sri-guide-backend\SriGuide.Application\SriGuide.Application.csproj]
C:\Sources\SriGuide\Sri-Guide\sri-guide-backend\SriGuide.Application\Trips\Queries\GetTourDetailQuery.cs(57,35): warning CS8602: Dereference of a possibly null reference. [C:\Sources\SriGuide\Sri-Guide\sri-guide-backend\SriGuide.Application\SriGuide.Application.csproj]
C:\Sources\SriGuide\Sri-Guide\sri-guide-backend\SriGuide.Application\Trips\Queries\GetTourDetailQuery.cs(91,13): warning CS8604: Possible null reference argument for parameter 'Category' in 'TourDetailDto.TourDetailDto(Guid Id, string Title, string? Slug, string Description, string Location, string Category, string Duration, string? MapLink, decimal Price, string? MainImageUrl, Guid AgencyId, string AgencyName, string? AgencyImageUrl, string? AgencySlug, double AgencyRating, int AgencyReviewsCount, bool IsLiked, int LikeCount, double Rating, int ReviewsCount, List<string> Images, List<TourItineraryStepDto> Itinerary, List<TourDayDto> DayDescriptions, bool IsActive = true)'. [C:\Sources\SriGuide\Sri-Guide\sri-guide-backend\SriGuide.Application\SriGuide.Application.csproj]
C:\Sources\SriGuide\Sri-Guide\sri-guide-backend\SriGuide.Application\Trips\Queries\GetTourDetailQuery.cs(92,13): warning CS8604: Possible null reference argument for parameter 'Duration' in 'TourDetailDto.TourDetailDto(Guid Id, string Title, string? Slug, string Description, string Location, string Category, string Duration, string? MapLink, decimal Price, string? MainImageUrl, Guid AgencyId, string AgencyName, string? AgencyImageUrl, string? AgencySlug, double AgencyRating, int AgencyReviewsCount, bool IsLiked, int LikeCount, double Rating, int ReviewsCount, List<string> Images, List<TourItineraryStepDto> Itinerary, List<TourDayDto> DayDescriptions, bool IsActive = true)'. [C:\Sources\SriGuide\Sri-Guide\sri-guide-backend\SriGuide.Application\SriGuide.Application.csproj]
C:\Sources\SriGuide\Sri-Guide\sri-guide-backend\SriGuide.Application\Trips\Queries\GetTripDetailQuery.cs(75,35): warning CS8602: Dereference of a possibly null reference. [C:\Sources\SriGuide\Sri-Guide\sri-guide-backend\SriGuide.Application\SriGuide.Application.csproj]
C:\Sources\SriGuide\Sri-Guide\sri-guide-backend\SriGuide.Application\Discovery\Queries\GetDiscoveryQuery.cs(172,29): warning CS8602: Dereference of a possibly null reference. [C:\Sources\SriGuide\Sri-Guide\sri-guide-backend\SriGuide.Application\SriGuide.Application.csproj]
C:\Sources\SriGuide\Sri-Guide\sri-guide-backend\SriGuide.Application\Discovery\Queries\GetDiscoveryQuery.cs(201,21): warning CS8602: Dereference of a possibly null reference. [C:\Sources\SriGuide\Sri-Guide\sri-guide-backend\SriGuide.Application\SriGuide.Application.csproj]
C:\Sources\SriGuide\Sri-Guide\sri-guide-backend\SriGuide.Application\Discovery\Queries\GetDiscoveryQuery.cs(233,29): warning CS8602: Dereference of a possibly null reference. [C:\Sources\SriGuide\Sri-Guide\sri-guide-backend\SriGuide.Application\SriGuide.Application.csproj]
C:\Sources\SriGuide\Sri-Guide\sri-guide-backend\SriGuide.Application\Discovery\Queries\GetDiscoveryQuery.cs(255,21): warning CS8602: Dereference of a possibly null reference. [C:\Sources\SriGuide\Sri-Guide\sri-guide-backend\SriGuide.Application\SriGuide.Application.csproj]
C:\Sources\SriGuide\Sri-Guide\sri-guide-backend\SriGuide.Application\Reviews\Queries\GetGuideReviewsQuery.cs(49,36): error CS0246: The type or namespace name 'Review' could not be found (are you missing a using directive or an assembly reference?) [C:\Sources\SriGuide\Sri-Guide\sri-guide-backend\SriGuide.Application\SriGuide.Application.csproj]
    18 Warning(s)
    1 Error(s)

Time Elapsed 00:00:01.59
